
(node:*) Warning: The 'NODE_DISABLE_COLORS' and 'NO_COLOR' env is ignored due to the 'FORCE_COLOR' env being set.
