[32m* should pass [90m(*ms)[39m[39m
[31m* should fail [90m(*ms)[39m
  Error: fail
      at * [90m(*)[39m
  [90m    at *[39m
  [90m    at *[39m
  [90m    at *[39m
  [90m    at *[39m
  [90m    at *[39m
  [90m    at *[39m
**
[90m* should skip [90m(*ms)[39m # SKIP[39m
[34m* tests 3[39m
[34m* pass 1[39m
[34m* fail 1[39m
[34m* cancelled 0[39m
[34m* skipped 1[39m
[34m* todo 0[39m
[34m* duration_ms *[39m
