
(node:*) Warning: The 'NODE_DISABLE_COLORS' env is ignored due to the 'FORCE_COLOR' env being set.
