(node:*) Warning: The 'NO_COLOR' env is ignored due to the 'FORCE_COLOR' env being set.
